// Jest Snapshot v1, https://goo.gl/fbAQLP

exports[`add-tool command Adding nightwatch two times should be okey should add .gitignore file 1`] = `
"# Этот файл сгенерирован автоматически, не редактируйте его вручную

report/
jenkins-report.xml
failure-screenshots/*.png
"
`;

exports[`add-tool command Adding nightwatch two times should be okey should add Jenkinsfile 1`] = `
"// Этот файл сгенерирован автоматически, не редактируйте его вручную

node {
  checkout scm
  load \\"\${pwd()}/e2e-tests/nightwatch/jenkins-pipeline.groovy\\"
}
"
`;

exports[`add-tool command Adding nightwatch two times should be okey should add eslint config file 1`] = `
"// Этот файл сгенерирован автоматически, не редактируйте его вручную

module.exports = {
  extends: [require.resolve('@csssr/e2e-tools-nightwatch/eslint')],
}
"
`;

exports[`add-tool command Adding nightwatch two times should be okey should add package to devDependencies 1`] = `
"{
  \\"private\\": true,
  \\"prettier\\": \\"@csssr/e2e-tools/prettier\\",
  \\"devDependencies\\": {
    \\"@csssr/e2e-tools\\": \\"file:<root>/modules/tools\\",
    \\"@csssr/e2e-tools-nightwatch\\": \\"file:<root>/modules/nightwatch\\"
  }
}
"
`;

exports[`add-tool command Adding nightwatch two times should be okey should add screenshots/.gitignore file 1`] = `
"# Этот файл сгенерирован автоматически, не редактируйте его вручную

actual/
diff/
"
`;

exports[`add-tool command Adding nightwatch two times should be okey should add tsconfig.json 1`] = `
"// Этот файл сгенерирован автоматически, не редактируйте его вручную

{
  \\"extends\\": \\"@csssr/e2e-tools-nightwatch/ts\\"
}
"
`;

exports[`add-tool command Inside e2e-tests dir should add .gitignore file 1`] = `
"# Этот файл сгенерирован автоматически, не редактируйте его вручную

report/
jenkins-report.xml
failure-screenshots/*.png
"
`;

exports[`add-tool command Inside e2e-tests dir should add Jenkinsfile 1`] = `
"// Этот файл сгенерирован автоматически, не редактируйте его вручную

node {
  checkout scm
  load \\"\${pwd()}/e2e-tests/nightwatch/jenkins-pipeline.groovy\\"
}
"
`;

exports[`add-tool command Inside e2e-tests dir should add eslint config file 1`] = `
"// Этот файл сгенерирован автоматически, не редактируйте его вручную

module.exports = {
  extends: [require.resolve('@csssr/e2e-tools-nightwatch/eslint')],
}
"
`;

exports[`add-tool command Inside e2e-tests dir should add package to devDependencies 1`] = `
"{
  \\"private\\": true,
  \\"prettier\\": \\"@csssr/e2e-tools/prettier\\",
  \\"devDependencies\\": {
    \\"@csssr/e2e-tools\\": \\"file:<root>/modules/tools\\",
    \\"@csssr/e2e-tools-nightwatch\\": \\"file:<root>/modules/nightwatch\\"
  }
}
"
`;

exports[`add-tool command Inside e2e-tests dir should add screenshots/.gitignore file 1`] = `
"# Этот файл сгенерирован автоматически, не редактируйте его вручную

actual/
diff/
"
`;

exports[`add-tool command Inside e2e-tests dir should add tsconfig.json 1`] = `
"// Этот файл сгенерирован автоматически, не редактируйте его вручную

{
  \\"extends\\": \\"@csssr/e2e-tools-nightwatch/ts\\"
}
"
`;

exports[`add-tool command Inside root dir should add .gitignore file 1`] = `
"# Этот файл сгенерирован автоматически, не редактируйте его вручную

report/
jenkins-report.xml
failure-screenshots/*.png
"
`;

exports[`add-tool command Inside root dir should add Jenkinsfile 1`] = `
"// Этот файл сгенерирован автоматически, не редактируйте его вручную

node {
  checkout scm
  load \\"\${pwd()}/e2e-tests/nightwatch/jenkins-pipeline.groovy\\"
}
"
`;

exports[`add-tool command Inside root dir should add eslint config file 1`] = `
"// Этот файл сгенерирован автоматически, не редактируйте его вручную

module.exports = {
  extends: [require.resolve('@csssr/e2e-tools-nightwatch/eslint')],
}
"
`;

exports[`add-tool command Inside root dir should add package to devDependencies 1`] = `
"{
  \\"private\\": true,
  \\"prettier\\": \\"@csssr/e2e-tools/prettier\\",
  \\"devDependencies\\": {
    \\"@csssr/e2e-tools\\": \\"file:<root>/modules/tools\\",
    \\"@csssr/e2e-tools-nightwatch\\": \\"file:<root>/modules/nightwatch\\"
  }
}
"
`;

exports[`add-tool command Inside root dir should add screenshots/.gitignore file 1`] = `
"# Этот файл сгенерирован автоматически, не редактируйте его вручную

actual/
diff/
"
`;

exports[`add-tool command Inside root dir should add tsconfig.json 1`] = `
"// Этот файл сгенерирован автоматически, не редактируйте его вручную

{
  \\"extends\\": \\"@csssr/e2e-tools-nightwatch/ts\\"
}
"
`;
